#-----------------------------------------------------------
# Vivado v2020.1 (64-bit)
# SW Build 2902540 on Wed May 27 19:54:35 MDT 2020
# IP Build 2902112 on Wed May 27 22:43:36 MDT 2020
# Start of session at: Thu Dec 16 18:34:45 2021
# Process ID: 715690
# Current directory: /media/kamranpoladov/db5e1c1b-558e-4f71-be03-2e729f28bda5/KUL/ddc/ASCII_Displayer_V3/ASCII_Displayer_V3.runs/design_1_num_capture_4bit_0_0_synth_1
# Command line: vivado -log design_1_num_capture_4bit_0_0.vds -product Vivado -mode batch -messageDb vivado.pb -notrace -source design_1_num_capture_4bit_0_0.tcl
# Log file: /media/kamranpoladov/db5e1c1b-558e-4f71-be03-2e729f28bda5/KUL/ddc/ASCII_Displayer_V3/ASCII_Displayer_V3.runs/design_1_num_capture_4bit_0_0_synth_1/design_1_num_capture_4bit_0_0.vds
# Journal file: /media/kamranpoladov/db5e1c1b-558e-4f71-be03-2e729f28bda5/KUL/ddc/ASCII_Displayer_V3/ASCII_Displayer_V3.runs/design_1_num_capture_4bit_0_0_synth_1/vivado.jou
#-----------------------------------------------------------
source design_1_num_capture_4bit_0_0.tcl -notrace
